{
	"blocks": [],
	"references": [],
	"enums": [],
	"files": [
		{
			"name": "IDummyFile",
			"properties": [
				{
					"name": "foo",
					"type": "string",
					"required": true,
					"defaultValue": "null",
					"description": "Random foo value property",
					"placeholder": "",
					"properties": []
				}
			],
			"example": "{\n    \"foo\": \"Lorem ipsum dolor sit amet\"\n}"
		}
	]
}
